mode: set
github.com/grbalmeida/building-modern-web-applications-with-go/tests/main.go:8.13,11.16 2 0
github.com/grbalmeida/building-modern-web-applications-with-go/tests/main.go:11.16,14.3 2 0
github.com/grbalmeida/building-modern-web-applications-with-go/tests/main.go:16.2,16.46 1 0
github.com/grbalmeida/building-modern-web-applications-with-go/tests/main.go:19.44,22.12 2 1
github.com/grbalmeida/building-modern-web-applications-with-go/tests/main.go:22.12,24.3 1 1
github.com/grbalmeida/building-modern-web-applications-with-go/tests/main.go:26.2,28.20 2 1
